Le script de test s'exÃ©cute.
